^Delegation<n><f><pl><nom>$ ^beide<det><ind><mfn><pl><gen>$ ^Seite<n><f><pl><gen>$ ^kündigen# an<vblex><pis><p3><pl>$ ^in<pr><dat>$ ^Venezuela<np><top><nt><sg><gen>$ ^Hauptstadt<n><f><sg><nom>$ ^Caracas<np><top><nt><sg><nom>$ ^,<cm>$ ^an<pr><dat>+der<det><def><m><sg><dat>$ ^27<num><ord>$ ^Oktober<n><m><sg><nom>$ ^in<pr><dat>$ ^*Quito$ ^der<det><def><mfn><pl><nom>$ ^Gespräch<n><nt><pl><acc>$ ^aufnehmen<vblex><sep><inf>$ ^zu<ito>$ ^wollen<vbmod><inf>$^.<sent>$
^Der<det><def><mfn><pl><nom>$ ^Behörde<n><f><pl><nom>$ ^in<pr><dat>$ ^Dresden<np><top><nt><sg><nom>$ ^kündigen# an<vblex><pis><p3><pl>$ ^für<pr><acc>$ ^Donnerstagmorgen<n><m><sg><acc>$ ^ein<det><ind><f><sg><nom>$ ^Pressekonferenz<n><f><sg><nom>$ ^.<sent>$
^An<pr><dat>$ ^der<det><def><m><sg><nom>$ ^New Yorker<n><m><sg><nom>$ ^Wall Street<np><top><nt><sg><nom>$ ^kündigen# an<vblex><pis><p3><pl>$ ^sich<prn><ref><p3><mf><sp><nom>$ ^massiv<adj><sint><m><pl><acc><st>$ ^Verlust<n><m><pl><acc>$ ^bei<pr>$ ^Termin<n><m><sg><cmp>+geschäft<n><nt><pl><dat><lower>$ ^und<cnjcoo>$ ^*Kursstürze$ ^.<sent>$
^Der<prn><dem><f><sg><nom>$ ^62<num>$^-<guio>$^Jährig<adj><sint><m><sg><nom><sw>$ ^kündigen# an<vblex><pis><p3><sg>$ ^in<pr><dat>$ ^Berlin<np><top><nt><sg><nom>$ ^,<cm>$ ^sie<prn><pers><p3><f><sg><nom>$ ^wollen<vbmod><prs><p3><sg>$ ^bei<pr>$ ^der<det><def><f><sg><dat>$ ^Bundestagswahl<n><f><sg><dat>$ ^in<pr><dat>+der<det><def><m><sg><dat>$ ^Herbst<n><m><sg><dat>$ ^2017<num>$ ^als<adv>$ ^Kandidatin<n><f><sg><nom>$ ^für<pr><acc>$ ^der<prn><dem><f><sg><nom>$ ^*CDU$ ^antreten<vblex><sep><inf>$ ^und<cnjcoo>$ ^werden<vblex><prs><p3><sg>$ ^sich<prn><ref><p3><mf><sp><nom>$ ^auch<adv>$ ^wieder<adv>$ ^um<pr><acc>$ ^der<det><def><m><sg><acc>$ ^Partei<n><f><sg><cmp>+vorsitz<n><m><sg><acc><lower>$ ^bewerben<vblex><inf>$^.<sent>$
^Der<prn><dem><m><sg><nom>$ ^*hochgehandelte$ ^frühere<adj><sint><attr>$ ^Staatspräsident<n><m><sg><nom>$ ^Nicola<np><ant><f><sg><gen>$ ^*Sarkozy$ ^kommen<vblex><pii><p3><sg>$ ^nur<adv>$ ^auf<pr><dat>$ ^etwa<adv>$ ^20<num>$ ^Prozent<n><nt><sg><nom>$ ^der<det><def><mfn><pl><gen>$ ^Stimme<n><f><pl><gen>$ ^und<cnjcoo>$ ^kündigen# an<vblex><pis><p3><sg>$ ^daraufhin<adv>$ ^prpers<det><pos><p3><m><pl><dat>$ ^Rückzug<n><m><sg><acc>$ ^aus<pr><dat>$ ^der<det><def><f><sg><dat>$ ^Politik<n><f><sg><dat>$ ^.<sent>$
^Trump<np><cog><mf><sg><nom>$ ^kündigen# an<vblex><pri><p3><sg>$ ^Ausstieg<n><m><sg><nom>$ ^aus<pr><dat>$ ^Pazifik<np><top><nt><sg><nom>$^-<guio>$^Handel<n><m><sg><cmp>+abkommen<n><nt><sg><nom><lower>$ ^*TPP$ ^:<sent>$
^Dies<prn><dem><m><sg><nom>$ ^kündigen# an<vblex><pis><p3><sg>$ ^Trump<np><cog><mf><sg><nom>$ ^in<pr><dat>$ ^ein<det><ind><f><sg><dat>$ ^Video<n><nt><sg><lower><cmp>+botschaft<n><f><sg><dat><lower>$ ^.<sent>$
^Nach<adv>$ ^Niederlage<n><f><sg><dat>$ ^bei<pr>$ ^Referendum<n><nt><sg><nom>$^:<sent>$ ^Italien<np><top><nt><sg><gen>$ ^Premier<n><m><sg><nom>$ ^kündigen<vblex><pri><p3><sg>$ ^Rücktritt<n><m><sg><nom>$ ^:<sent>$
^Designiert<adj><sint><m><sg><nom><st>$ ^US<np><top><m><pl><nom>$^-<guio>$^Außenminister<n><m><sg><nom>$ ^kündigen<vblex><pri><p3><sg>$ ^robust<adj><sint><comp><f><sg><acc><st>$ ^Außenpolitik<n><f><sg><nom>$ ^:<sent>$
^Für<pr><acc>$ ^der<prn><dem><f><sg><nom>$ ^nah<adj><sint><sup><attr>$ ^Tag<n><m><pl><acc>$ ^kündigen<vblex><pis><p3><sg>$ ^er<prn><pers><p3><m><sg><nom>$ ^ein<det><ind><m><sg><acc>$ ^Bericht<n><m><sg><acc>$ ^dazu<adv>$ ^.<sent>$
^Putin<np><cog><mf><sg><nom>$ ^kündigen# an<vblex><pis><p3><sg>$ ^mit<pr><dat>$ ^Blick<n><m><sg><dat>$ ^auf<pr><dat>$ ^der<prn><dem><m><sg><acc>$ ^Ukraine<np><top><nt><sg><nom>$^-<guio>$^Konflikt<n><m><sg><nom>$ ^Krise<n><f><sg><cmp>+gespräch<n><nt><sg><dat><lower>$ ^auf<pr><dat>$ ^verschieden<adj><sint><f><pl><gen><sw>$ ^Ebene<n><f><pl><nom>$ ^.<sent>$
^Für<pr><acc>$ ^dieser<det><dem><m><sg><acc>$ ^Samstag<n><m><sg><acc>$ ^kündigen# an<vblex><pis><p3><sg>$ ^der<prn><dem><m><sg><nom>$ ^*Kreml$ ^ein<det><ind><nt><sg><nom>$ ^erste<adj><ord><nt><sg><nom><st>$ ^Telefonat<n><nt><sg><nom>$ ^von<pr><dat>$ ^Präsident<n><m><sg><nom>$ ^Wladimir<np><ant><m><sg><nom>$ ^Putin<np><cog><mf><sg><nom>$ ^mit<pr><dat>$ ^der<det><def><m><sg><dat>$ ^neu<adj><sint><m><sg><dat><mix>$ ^US-Präsident<n><m><sg><dat>$ ^.<sent>$
^Der<det><def><mfn><pl><nom>$ ^Anwalt<n><m><pl><nom>$ ^der<det><def><m><sg><nom>$ ^Kläger<n><m><sg><nom>$ ^kündigen<vblex><pis><p3><pl>$ ^umgehend<adv>$ ^,<cm>$ ^der<det><def><nt><sg><nom>$ ^Urteil<n><nt><sg><nom>$ ^anfechten<vblex><sep><ito>$^.<sent>$
^*Chahed$ ^kündigen# an<vblex><sep><fm><pis><p3><sg>$^,<cm>$ ^bei<pr>$ ^prpers<det><pos><p3><m><sg><dat>$ ^Besuch<n><m><sg><dat>$ ^in<pr><dat>$ ^Berlin<np><top><nt><sg><nom>$ ^der<det><def><m><sg><acc>$ ^Anschlag<n><m><sg><cmp>+ort<n><m><sg><acc><lower>$ ^der<det><def><f><sg><dat>$ ^Gedächtnis<n><nt><sg><cmp>+kirche<n><f><sg><dat><lower>$ ^zu<ito>$ ^besuchen<vblex><inf>$^.<sent>$
^So<adv>$ ^kündigen# an<vblex><pis><p3><sg>$ ^Trump<np><cog><mf><sg><nom>$ ^,<cm>$ ^der<prn><dem><f><sg><nom>$ ^US<np><top><m><pl><nom>$^-<guio>$^Botschaft<n><f><sg><nom>$ ^von<pr><dat>$ ^*Tel$ ^*Aviv$ ^nach<pr><dat>$ ^Jerusalem<np><top><nt><sg><nom>$ ^zu<ito>$ ^verlegen<vblex><inf>$ ^und<cnjcoo>$ ^Jerusalem<np><top><nt><sg><nom>$ ^als<adv>$ ^Hauptstadt<n><f><sg><nom>$ ^Israel<np><top><nt><sg><gen>$ ^anerkennen<vblex><sep><inf>$ ^zu<ito>$ ^wollen<vbmod><inf>$^.<sent>$
^*Riad$ ^wollen<vbmod><prs><p3><sg>$ ^nun<adv>$ ^mit<pr><dat>$ ^der<prn><dem><m><sg><acc>$ ^USA<np><top><m><pl><nom>$ ^abstimmen<vblex><sep><inf>$ "^was<prn><itg><nt><sp><nom>$ ^der<det><def><m><sg><nom>$ ^Plan<n><m><sg><nom>$ ^sein<vbser><pri><p3><sg>$"^,<cm>$ ^kündigen<vblex><pis><p3><sg>$ ^*Dschubeir$ ^.<sent>$
^Demnach<preadv>$ ^kündigen# an<vblex><pis><p3><pl>$ ^der<det><def><mfn><pl><nom>$ ^Deutsch<n><nt><sg><nom>$ ^Bank<n><f><sg><nom>$ ^und<cnjcoo>$ ^andere<det><ind><mfn><pl><nom><st>$ ^Kreditinstitut<n><nt><pl><acc>$ ^der<det><def><mfn><pl><nom>$ ^Konto<n><nt><pl><nom>$^,<cm>$ ^ohne<cnjsub>$ ^Grund<n><m><pl><acc>$ ^zu<ito>$ ^nennen<vblex><inf>$^.<sent>$
^Allerdings<adv>$ ^kündigen# an<vblex><pis><p3><sg>$ ^Pol<n><m><pl><dat>$ ^,<cm>$ ^aus<adv>$ ^*Empörung$ ^über<pr><dat>$ ^der<prn><dem><f><sg><nom>$ ^*Wiederwahl$ ^von<pr><dat>$ ^Donald<np><ant><m><sg><nom>$ ^*Tusk$ ^als<adv>$ ^Rat<n><m><sg><cmp>+präsident<n><m><sg><nom><lower>$ ^der<det><def><f><sg><nom>$ ^Abschluss<n><m><sg><cmp>+erklärung<n><f><sg><nom><lower>$ ^nicht<adv>$ ^*mittragen$ ^zu<ito>$ ^wollen<vbmod><inf>$^.<sent>$
^Der<prn><dem><nt><sg><nom>$ ^kündigen# an<vblex><pis><p3><pl>$ ^der<det><def><mfn><pl><nom>$ ^Präsident<n><m><pl><acc>$ ^der<prn><dem><m><sg><nom>$ ^drei<num><pl>$ ^national<adj><sint><m><sg><acc><st>$ ^Fußball<n><m><sg><acc>$^-<guio>$^Verband<n><m><pl><nom>$ ^in<pr><dat>$ ^New York<np><top><nt><sg><nom>$ ^.<sent>$
^Venezuela<np><top><nt><sg><nom>$ ^kündigen# an<vblex><pri><p3><sg>$ ^Austreten<vblex><sep><fs><pri><p3><sg>$ ^aus<adv>$ ^Staatenbund<n><m><sg><dat>$ ^*OAS$ ^:<sent>$
^Der<prn><dem><m><sg><nom>$ ^ehemalig<adj><sint><m><sg><nom><sw>$ ^sozialistisch<adj><sint><m><sg><nom><sw>$ ^Ministerpräsident<n><m><sg><nom>$ ^*Manuel$ ^*Valls$ ^kündigen# an<vblex><sep><fm><pis><p3><sg>$^,<cm>$ ^er<prn><pers><p3><m><sg><nom>$ ^werden<vblex><prs><p3><sg>$ ^bei<pr>$ ^der<det><def><f><sg><dat>$ ^Parlamentswahl<n><f><sg><dat>$ ^in<pr><dat>+der<det><def><m><sg><dat>$ ^Juni<n><m><sg><dat>$ ^für<pr><acc>$ ^*Macrons$ ^Bewegung<n><f><sg><nom>$ "^*En$ ^*Marche$" ^antreten<vblex><sep><inf>$^,<cm>$ ^um<cnjsub>$ ^der<det><def><m><sg><dat>$ ^Präsident<n><m><sg><dat>$ ^ein<det><ind><f><sg><nom>$ ^Mehrheit<n><f><sg><nom>$ ^zu<ito>$ ^sichern<vblex><inf>$^.<sent>$
^USA<np><top><m><pl><nom>$ ^kündigen# an<vblex><inf>$ ^Waffenlieferung<n><f><pl><nom>$ ^an<pr><dat>$ ^syrisch<adj><sint><m><pl><acc><st>$ ^Kurde<n><m><pl><acc>$ ^:<sent>$
^Währen<vblex><pprs>$ ^May<np><cog><mf><sg><nom>$ ^dafür<adv>$ ^plädieren<vblex><pp>$^,<cm>$ ^notfalls<adv>$ ^auch<adv>$ ^ohne<cnjsub>$ ^Einigung<n><f><sg><acc>$ ^mit<pr><dat>$ ^der<prn><dem><m><sg><nom>$ ^*EU$ ^der<det><def><f><sg><nom>$ ^Union<n><f><sg><nom>$ ^zu<ito>$ ^verlassen<vblex><inf>$^,<cm>$ ^kündigen<vblex><pis><p3><sg>$ ^*Labour$^-<guio>$^Chef<n><m><sg><nom>$ ^*Corbyn$ ^,<cm>$ ^als<adv>$ ^Premierminister<n><m><sg><nom>$ ^auf<pr><acc>$ ^jede<det><ind><m><sg><acc>$ ^Fall<n><m><sg><acc>$ ^ein<det><ind><f><sg><nom>$ ^Vereinbarung<n><f><sg><nom>$ ^mit<pr><dat>$ ^Brüssel<np><top><nt><sg><nom>$ ^treffen# zu<vblex><sep><fm><pri><p3><pl>$ ^wollen<vbmod><inf>$^.<sent>$
^Von<pr><dat>$ ^der<prn><dem><m><sg><nom>$ ^*Leyen$ ^kündigen# an<vblex><pis><p3><sg>$ ^in<pr><dat>+der<det><def><m><sg><dat>$ ^Deutsch<n><nt><sg><lower><cmp>+land<n><nt><sg><lower><cmp>+funk<n><m><sg><dat><lower>$ ^,<cm>$ ^sie<prn><pers><p3><f><sg><nom>$ ^werden<vblex><prs><p3><sg>$ ^nach<pr><dat>$ ^der<det><def><f><sg><dat>$ ^Kabinett<n><nt><sg><lower><cmp>+entscheidung<n><f><sg><dat><lower>$ ^noch<adv>$ ^heute<adv>$ ^der<prn><dem><f><sg><nom>$ ^entsprechen<vblex><pprs>$ ^Weisung<n><f><sg><nom>$ ^erteilen<vblex><inf>$^,<cm>$ ^um<pr><acc>$ ^der<det><def><f><sg><acc>$ ^Verlegung<n><f><sg><acc>$ ^der<prn><dem><m><sg><nom>$ ^knapp<adv>$ ^280<num>$ ^deutsch<adj><sint><m><sg><acc><sw>$ ^Soldat<n><m><sg><gen>$ ^und<cnjcoo>$ ^der<prn><dem><m><sg><nom>$ ^*Aufklärungs$^-<guio>$^Tornado<n><m><sg><gen>$ ^dann<adv>$ ^nach und nach<adv>$ ^einleiten<vblex><sep><ito>$^.<sent>$
^Der<det><def><m><sg><nom>$ ^International<adj><sint><m><sg><nom><sw>$ ^Währung<n><f><sg><cmp>+fonds<n><m><sg><nom><lower>$ ^(<lpar>$^*IWF$^)<rpar>$ ^kündigen# an<vblex><pis><p3><sg>$ ^daraufhin<adv>$ ^,<cm>$ ^sich<prn><ref><p3><mf><sp><nom>$ ^mit<pr><dat>$ ^ein<det><ind><nt><sg><dat>$ ^eigen<adj><sint><nt><sg><dat><sw>$ ^Hilfsprogramm<n><nt><sg><dat>$ ^an<pr><dat>$ ^der<prn><dem><m><sg><nom>$ ^Griechenland<np><top><nt><sg><nom>$^-<guio>$^Rettung<n><f><sg><nom>$ ^zu<ito>$ ^beteiligen<vblex><inf>$^.<sent>$^.<sent>$
